frame=1645
fps=0.00
stream_0_0_q=-0.0
bitrate=N/A
total_size=N/A
out_time_us=54766667
out_time_ms=54766667
out_time=00:00:54.766667
dup_frames=0
drop_frames=0
speed= 109x
progress=continue
frame=3647
fps=3644.89
stream_0_0_q=-0.0
bitrate=N/A
total_size=N/A
out_time_us=121566667
out_time_ms=121566667
out_time=00:02:01.566667
dup_frames=0
drop_frames=0
speed= 121x
progress=continue
frame=4620
fps=3746.94
stream_0_0_q=-0.0
bitrate=N/A
total_size=N/A
out_time_us=154000000
out_time_ms=154000000
out_time=00:02:34.000000
dup_frames=0
drop_frames=0
speed= 125x
progress=end
